
==================================================
健康检查报告 - 2026-04-24 08:03:08
==================================================

🔶 BACKEND: unhealthy
   - status_code: 502
   - response_time_ms: 3866.936

✅ MONGODB: healthy

✅ DISK: healthy
   - total_gb: 1907.53
   - used_gb: 901.17
   - free_gb: 1006.36
   - usage_percent: 47.24

==================================================
健康检查报告 - 2026-04-24 08:03:09
==================================================

🔶 BACKEND: unhealthy
   - status_code: 502
   - response_time_ms: 1561.809

✅ MONGODB: healthy

✅ DISK: healthy
   - total_gb: 1907.53
   - used_gb: 901.17
   - free_gb: 1006.36
   - usage_percent: 47.24

==================================================
健康检查报告 - 2026-04-24 08:03:09
==================================================

🔶 BACKEND: unhealthy
   - status_code: 502
   - response_time_ms: 1516.165

✅ MONGODB: healthy

✅ DISK: healthy
   - total_gb: 1907.53
   - used_gb: 901.17
   - free_gb: 1006.36
   - usage_percent: 47.24

==================================================
健康检查报告 - 2026-04-24 08:03:09
==================================================

🔶 BACKEND: unhealthy
   - status_code: 502
   - response_time_ms: 1898.944

✅ MONGODB: healthy

✅ DISK: healthy
   - total_gb: 1907.53
   - used_gb: 901.17
   - free_gb: 1006.36
   - usage_percent: 47.24

==================================================
健康检查报告 - 2026-04-24 08:03:10
==================================================

🔶 BACKEND: unhealthy
   - status_code: 502
   - response_time_ms: 2161.7980000000002

✅ MONGODB: healthy

✅ DISK: healthy
   - total_gb: 1907.53
   - used_gb: 901.17
   - free_gb: 1006.36
   - usage_percent: 47.24

==================================================
健康检查报告 - 2026-04-24 08:03:10
==================================================

🔶 BACKEND: unhealthy
   - status_code: 502
   - response_time_ms: 1972.834

✅ MONGODB: healthy

✅ DISK: healthy
   - total_gb: 1907.53
   - used_gb: 901.17
   - free_gb: 1006.36
   - usage_percent: 47.24

==================================================
健康检查报告 - 2026-04-24 08:03:10
==================================================

🔶 BACKEND: unhealthy
   - status_code: 502
   - response_time_ms: 1958.696

✅ MONGODB: healthy

✅ DISK: healthy
   - total_gb: 1907.53
   - used_gb: 901.17
   - free_gb: 1006.36
   - usage_percent: 47.24

==================================================
健康检查报告 - 2026-04-24 08:03:10
==================================================

🔶 BACKEND: unhealthy
   - status_code: 502
   - response_time_ms: 1830.785

✅ MONGODB: healthy

✅ DISK: healthy
   - total_gb: 1907.53
   - used_gb: 901.17
   - free_gb: 1006.36
   - usage_percent: 47.24

==================================================
健康检查报告 - 2026-04-24 08:03:10
==================================================

🔶 BACKEND: unhealthy
   - status_code: 502
   - response_time_ms: 2280.531

✅ MONGODB: healthy

✅ DISK: healthy
   - total_gb: 1907.53
   - used_gb: 901.17
   - free_gb: 1006.36
   - usage_percent: 47.24

==================================================
健康检查报告 - 2026-04-24 08:03:10
==================================================

🔶 BACKEND: unhealthy
   - status_code: 502
   - response_time_ms: 2478.285

✅ MONGODB: healthy

✅ DISK: healthy
   - total_gb: 1907.53
   - used_gb: 901.17
   - free_gb: 1006.36
   - usage_percent: 47.24

==================================================
健康检查报告 - 2026-04-24 08:03:10
==================================================

🔶 BACKEND: unhealthy
   - status_code: 502
   - response_time_ms: 2312.236

✅ MONGODB: healthy

✅ DISK: healthy
   - total_gb: 1907.53
   - used_gb: 901.17
   - free_gb: 1006.36
   - usage_percent: 47.24

==================================================
健康检查报告 - 2026-04-24 08:03:12
==================================================

🔶 BACKEND: unhealthy
   - status_code: 502
   - response_time_ms: 2054.143

✅ MONGODB: healthy

✅ DISK: healthy
   - total_gb: 1907.53
   - used_gb: 901.17
   - free_gb: 1006.36
   - usage_percent: 47.24

==================================================
健康检查报告 - 2026-04-24 08:03:12
==================================================

🔶 BACKEND: unhealthy
   - status_code: 502
   - response_time_ms: 2532.849

✅ MONGODB: healthy

✅ DISK: healthy
   - total_gb: 1907.53
   - used_gb: 901.17
   - free_gb: 1006.36
   - usage_percent: 47.24

==================================================
健康检查报告 - 2026-04-24 08:03:13
==================================================

🔶 BACKEND: unhealthy
   - status_code: 502
   - response_time_ms: 2140.842

✅ MONGODB: healthy

✅ DISK: healthy
   - total_gb: 1907.53
   - used_gb: 901.17
   - free_gb: 1006.36
   - usage_percent: 47.24

==================================================
健康检查报告 - 2026-04-24 08:03:13
==================================================

🔶 BACKEND: unhealthy
   - status_code: 502
   - response_time_ms: 2153.453

✅ MONGODB: healthy

✅ DISK: healthy
   - total_gb: 1907.53
   - used_gb: 901.17
   - free_gb: 1006.36
   - usage_percent: 47.24

==================================================
健康检查报告 - 2026-04-24 08:03:13
==================================================

🔶 BACKEND: unhealthy
   - status_code: 502
   - response_time_ms: 2422.955

✅ MONGODB: healthy

✅ DISK: healthy
   - total_gb: 1907.53
   - used_gb: 901.17
   - free_gb: 1006.36
   - usage_percent: 47.24

==================================================
健康检查报告 - 2026-04-24 08:03:13
==================================================

🔶 BACKEND: unhealthy
   - status_code: 502
   - response_time_ms: 2465.7599999999998

✅ MONGODB: healthy

✅ DISK: healthy
   - total_gb: 1907.53
   - used_gb: 901.17
   - free_gb: 1006.36
   - usage_percent: 47.24

==================================================
健康检查报告 - 2026-04-24 08:03:13
==================================================

🔶 BACKEND: unhealthy
   - status_code: 502
   - response_time_ms: 2995.251

✅ MONGODB: healthy

✅ DISK: healthy
   - total_gb: 1907.53
   - used_gb: 901.17
   - free_gb: 1006.36
   - usage_percent: 47.24

==================================================
健康检查报告 - 2026-04-24 08:03:13
==================================================

🔶 BACKEND: unhealthy
   - status_code: 502
   - response_time_ms: 2259.054

✅ MONGODB: healthy

✅ DISK: healthy
   - total_gb: 1907.53
   - used_gb: 901.17
   - free_gb: 1006.36
   - usage_percent: 47.24

==================================================
健康检查报告 - 2026-04-24 08:03:14
==================================================

🔶 BACKEND: unhealthy
   - status_code: 502
   - response_time_ms: 2750.721

✅ MONGODB: healthy

✅ DISK: healthy
   - total_gb: 1907.53
   - used_gb: 901.17
   - free_gb: 1006.36
   - usage_percent: 47.24

==================================================
健康检查报告 - 2026-04-24 08:03:14
==================================================

🔶 BACKEND: unhealthy
   - status_code: 502
   - response_time_ms: 3018.1490000000003

✅ MONGODB: healthy

✅ DISK: healthy
   - total_gb: 1907.53
   - used_gb: 901.17
   - free_gb: 1006.36
   - usage_percent: 47.24

==================================================
健康检查报告 - 2026-04-24 08:03:14
==================================================

🔶 BACKEND: unhealthy
   - status_code: 502
   - response_time_ms: 2640.253

✅ MONGODB: healthy

✅ DISK: healthy
   - total_gb: 1907.53
   - used_gb: 901.17
   - free_gb: 1006.36
   - usage_percent: 47.24

==================================================
健康检查报告 - 2026-04-24 08:03:14
==================================================

🔶 BACKEND: unhealthy
   - status_code: 502
   - response_time_ms: 2987.189

✅ MONGODB: healthy

✅ DISK: healthy
   - total_gb: 1907.53
   - used_gb: 901.17
   - free_gb: 1006.36
   - usage_percent: 47.24

==================================================
健康检查报告 - 2026-04-24 08:03:14
==================================================

🔶 BACKEND: unhealthy
   - status_code: 502
   - response_time_ms: 2787.305

✅ MONGODB: healthy

✅ DISK: healthy
   - total_gb: 1907.53
   - used_gb: 901.17
   - free_gb: 1006.36
   - usage_percent: 47.24

==================================================
健康检查报告 - 2026-04-24 08:03:14
==================================================

🔶 BACKEND: unhealthy
   - status_code: 502
   - response_time_ms: 2554.554

✅ MONGODB: healthy

✅ DISK: healthy
   - total_gb: 1907.53
   - used_gb: 901.17
   - free_gb: 1006.36
   - usage_percent: 47.24

==================================================
健康检查报告 - 2026-04-24 08:03:14
==================================================

🔶 BACKEND: unhealthy
   - status_code: 502
   - response_time_ms: 2696.875

✅ MONGODB: healthy

✅ DISK: healthy
   - total_gb: 1907.53
   - used_gb: 901.17
   - free_gb: 1006.36
   - usage_percent: 47.24

==================================================
健康检查报告 - 2026-04-24 08:03:14
==================================================

🔶 BACKEND: unhealthy
   - status_code: 502
   - response_time_ms: 2525.128

✅ MONGODB: healthy

✅ DISK: healthy
   - total_gb: 1907.53
   - used_gb: 901.17
   - free_gb: 1006.36
   - usage_percent: 47.24

==================================================
健康检查报告 - 2026-04-24 08:03:14
==================================================

🔶 BACKEND: unhealthy
   - status_code: 502
   - response_time_ms: 2704.272

✅ MONGODB: healthy

✅ DISK: healthy
   - total_gb: 1907.53
   - used_gb: 901.17
   - free_gb: 1006.36
   - usage_percent: 47.24

==================================================
健康检查报告 - 2026-04-24 08:03:14
==================================================

🔶 BACKEND: unhealthy
   - status_code: 502
   - response_time_ms: 2614.2509999999997

✅ MONGODB: healthy

✅ DISK: healthy
   - total_gb: 1907.53
   - used_gb: 901.17
   - free_gb: 1006.36
   - usage_percent: 47.24

==================================================
健康检查报告 - 2026-04-24 08:03:14
==================================================

🔶 BACKEND: unhealthy
   - status_code: 502
   - response_time_ms: 2960.933

✅ MONGODB: healthy

✅ DISK: healthy
   - total_gb: 1907.53
   - used_gb: 901.17
   - free_gb: 1006.36
   - usage_percent: 47.24

==================================================
健康检查报告 - 2026-04-24 08:03:14
==================================================

🔶 BACKEND: unhealthy
   - status_code: 502
   - response_time_ms: 3122.649

✅ MONGODB: healthy

✅ DISK: healthy
   - total_gb: 1907.53
   - used_gb: 901.17
   - free_gb: 1006.36
   - usage_percent: 47.24

==================================================
健康检查报告 - 2026-04-24 08:03:14
==================================================

🔶 BACKEND: unhealthy
   - status_code: 502
   - response_time_ms: 2805.231

✅ MONGODB: healthy

✅ DISK: healthy
   - total_gb: 1907.53
   - used_gb: 901.17
   - free_gb: 1006.36
   - usage_percent: 47.24

==================================================
健康检查报告 - 2026-04-24 08:03:14
==================================================

🔶 BACKEND: unhealthy
   - status_code: 502
   - response_time_ms: 3068.61

✅ MONGODB: healthy

✅ DISK: healthy
   - total_gb: 1907.53
   - used_gb: 901.17
   - free_gb: 1006.36
   - usage_percent: 47.24

==================================================
健康检查报告 - 2026-04-24 08:03:14
==================================================

🔶 BACKEND: unhealthy
   - status_code: 502
   - response_time_ms: 2777.9759999999997

✅ MONGODB: healthy

✅ DISK: healthy
   - total_gb: 1907.53
   - used_gb: 901.17
   - free_gb: 1006.36
   - usage_percent: 47.24

==================================================
健康检查报告 - 2026-04-24 08:03:14
==================================================

🔶 BACKEND: unhealthy
   - status_code: 502
   - response_time_ms: 3429.012

✅ MONGODB: healthy

✅ DISK: healthy
   - total_gb: 1907.53
   - used_gb: 901.17
   - free_gb: 1006.36
   - usage_percent: 47.24

==================================================
健康检查报告 - 2026-04-24 08:03:14
==================================================

🔶 BACKEND: unhealthy
   - status_code: 502
   - response_time_ms: 2817.978

✅ MONGODB: healthy

✅ DISK: healthy
   - total_gb: 1907.53
   - used_gb: 901.17
   - free_gb: 1006.36
   - usage_percent: 47.24

==================================================
健康检查报告 - 2026-04-24 08:03:14
==================================================

🔶 BACKEND: unhealthy
   - status_code: 502
   - response_time_ms: 3047.587

✅ MONGODB: healthy

✅ DISK: healthy
   - total_gb: 1907.53
   - used_gb: 901.17
   - free_gb: 1006.36
   - usage_percent: 47.24

==================================================
健康检查报告 - 2026-04-24 08:03:14
==================================================

🔶 BACKEND: unhealthy
   - status_code: 502
   - response_time_ms: 2423.596

✅ MONGODB: healthy

✅ DISK: healthy
   - total_gb: 1907.53
   - used_gb: 901.17
   - free_gb: 1006.36
   - usage_percent: 47.24

==================================================
健康检查报告 - 2026-04-24 08:03:14
==================================================

🔶 BACKEND: unhealthy
   - status_code: 502
   - response_time_ms: 3520.829

✅ MONGODB: healthy

✅ DISK: healthy
   - total_gb: 1907.53
   - used_gb: 901.17
   - free_gb: 1006.36
   - usage_percent: 47.24

==================================================
健康检查报告 - 2026-04-24 08:03:14
==================================================

🔶 BACKEND: unhealthy
   - status_code: 502
   - response_time_ms: 2746.855

✅ MONGODB: healthy

✅ DISK: healthy
   - total_gb: 1907.53
   - used_gb: 901.17
   - free_gb: 1006.36
   - usage_percent: 47.24

==================================================
健康检查报告 - 2026-04-24 08:03:14
==================================================

🔶 BACKEND: unhealthy
   - status_code: 502
   - response_time_ms: 2609.873

✅ MONGODB: healthy

✅ DISK: healthy
   - total_gb: 1907.53
   - used_gb: 901.17
   - free_gb: 1006.36
   - usage_percent: 47.24

==================================================
健康检查报告 - 2026-04-24 08:03:15
==================================================

🔶 BACKEND: unhealthy
   - status_code: 502
   - response_time_ms: 3319.66

✅ MONGODB: healthy

✅ DISK: healthy
   - total_gb: 1907.53
   - used_gb: 901.17
   - free_gb: 1006.36
   - usage_percent: 47.24

==================================================
健康检查报告 - 2026-04-24 08:03:15
==================================================

🔶 BACKEND: unhealthy
   - status_code: 502
   - response_time_ms: 2932.804

✅ MONGODB: healthy

✅ DISK: healthy
   - total_gb: 1907.53
   - used_gb: 901.17
   - free_gb: 1006.36
   - usage_percent: 47.24

==================================================
健康检查报告 - 2026-04-24 08:03:15
==================================================

🔶 BACKEND: unhealthy
   - status_code: 502
   - response_time_ms: 3269.215

✅ MONGODB: healthy

✅ DISK: healthy
   - total_gb: 1907.53
   - used_gb: 901.17
   - free_gb: 1006.36
   - usage_percent: 47.24

==================================================
健康检查报告 - 2026-04-24 08:03:15
==================================================

🔶 BACKEND: unhealthy
   - status_code: 502
   - response_time_ms: 3200.746

✅ MONGODB: healthy

✅ DISK: healthy
   - total_gb: 1907.53
   - used_gb: 901.17
   - free_gb: 1006.36
   - usage_percent: 47.24

==================================================
健康检查报告 - 2026-04-24 08:03:15
==================================================

🔶 BACKEND: unhealthy
   - status_code: 502
   - response_time_ms: 2869.509

✅ MONGODB: healthy

✅ DISK: healthy
   - total_gb: 1907.53
   - used_gb: 901.17
   - free_gb: 1006.36
   - usage_percent: 47.24

==================================================
健康检查报告 - 2026-04-24 08:03:15
==================================================

🔶 BACKEND: unhealthy
   - status_code: 502
   - response_time_ms: 3240.281

✅ MONGODB: healthy

✅ DISK: healthy
   - total_gb: 1907.53
   - used_gb: 901.17
   - free_gb: 1006.36
   - usage_percent: 47.24

==================================================
健康检查报告 - 2026-04-24 08:03:15
==================================================

🔶 BACKEND: unhealthy
   - status_code: 502
   - response_time_ms: 2904.164

✅ MONGODB: healthy

✅ DISK: healthy
   - total_gb: 1907.53
   - used_gb: 901.17
   - free_gb: 1006.36
   - usage_percent: 47.24

==================================================
健康检查报告 - 2026-04-24 08:03:15
==================================================

🔶 BACKEND: unhealthy
   - status_code: 502
   - response_time_ms: 3312.291

✅ MONGODB: healthy

✅ DISK: healthy
   - total_gb: 1907.53
   - used_gb: 901.17
   - free_gb: 1006.36
   - usage_percent: 47.24

==================================================
健康检查报告 - 2026-04-24 08:03:15
==================================================

🔶 BACKEND: unhealthy
   - status_code: 502
   - response_time_ms: 3433.847

✅ MONGODB: healthy

✅ DISK: healthy
   - total_gb: 1907.53
   - used_gb: 901.17
   - free_gb: 1006.36
   - usage_percent: 47.24

==================================================
健康检查报告 - 2026-04-24 08:03:15
==================================================

🔶 BACKEND: unhealthy
   - status_code: 502
   - response_time_ms: 2967.06

✅ MONGODB: healthy

✅ DISK: healthy
   - total_gb: 1907.53
   - used_gb: 901.17
   - free_gb: 1006.36
   - usage_percent: 47.24

==================================================
健康检查报告 - 2026-04-24 08:03:15
==================================================

🔶 BACKEND: unhealthy
   - status_code: 502
   - response_time_ms: 3361.999

✅ MONGODB: healthy

✅ DISK: healthy
   - total_gb: 1907.53
   - used_gb: 901.17
   - free_gb: 1006.36
   - usage_percent: 47.24

==================================================
健康检查报告 - 2026-04-24 08:03:15
==================================================

🔶 BACKEND: unhealthy
   - status_code: 502
   - response_time_ms: 3298.813

✅ MONGODB: healthy

✅ DISK: healthy
   - total_gb: 1907.53
   - used_gb: 901.17
   - free_gb: 1006.36
   - usage_percent: 47.24

==================================================
健康检查报告 - 2026-04-24 08:03:15
==================================================

🔶 BACKEND: unhealthy
   - status_code: 502
   - response_time_ms: 3080.028

✅ MONGODB: healthy

✅ DISK: healthy
   - total_gb: 1907.53
   - used_gb: 901.17
   - free_gb: 1006.36
   - usage_percent: 47.24

==================================================
健康检查报告 - 2026-04-24 08:03:15
==================================================

🔶 BACKEND: unhealthy
   - status_code: 502
   - response_time_ms: 2745.589

✅ MONGODB: healthy

✅ DISK: healthy
   - total_gb: 1907.53
   - used_gb: 901.17
   - free_gb: 1006.36
   - usage_percent: 47.24

==================================================
健康检查报告 - 2026-04-24 08:03:15
==================================================

🔶 BACKEND: unhealthy
   - status_code: 502
   - response_time_ms: 3056.9829999999997

✅ MONGODB: healthy

✅ DISK: healthy
   - total_gb: 1907.53
   - used_gb: 901.17
   - free_gb: 1006.36
   - usage_percent: 47.24

==================================================
健康检查报告 - 2026-04-24 08:03:15
==================================================

🔶 BACKEND: unhealthy
   - status_code: 502
   - response_time_ms: 2930.164

✅ MONGODB: healthy

✅ DISK: healthy
   - total_gb: 1907.53
   - used_gb: 901.17
   - free_gb: 1006.36
   - usage_percent: 47.24

==================================================
健康检查报告 - 2026-04-24 08:03:15
==================================================

🔶 BACKEND: unhealthy
   - status_code: 502
   - response_time_ms: 2934.2540000000004

✅ MONGODB: healthy

✅ DISK: healthy
   - total_gb: 1907.53
   - used_gb: 901.17
   - free_gb: 1006.36
   - usage_percent: 47.24

==================================================
健康检查报告 - 2026-04-24 08:03:15
==================================================

🔶 BACKEND: unhealthy
   - status_code: 502
   - response_time_ms: 3244.406

✅ MONGODB: healthy

✅ DISK: healthy
   - total_gb: 1907.53
   - used_gb: 901.17
   - free_gb: 1006.36
   - usage_percent: 47.24

==================================================
健康检查报告 - 2026-04-24 08:03:15
==================================================

🔶 BACKEND: unhealthy
   - status_code: 502
   - response_time_ms: 2772.23

✅ MONGODB: healthy

✅ DISK: healthy
   - total_gb: 1907.53
   - used_gb: 901.17
   - free_gb: 1006.36
   - usage_percent: 47.24

==================================================
健康检查报告 - 2026-04-24 08:03:15
==================================================

🔶 BACKEND: unhealthy
   - status_code: 502
   - response_time_ms: 2926.981

✅ MONGODB: healthy

✅ DISK: healthy
   - total_gb: 1907.53
   - used_gb: 901.17
   - free_gb: 1006.36
   - usage_percent: 47.24

==================================================
健康检查报告 - 2026-04-24 08:03:15
==================================================

🔶 BACKEND: unhealthy
   - status_code: 502
   - response_time_ms: 3003.065

✅ MONGODB: healthy

✅ DISK: healthy
   - total_gb: 1907.53
   - used_gb: 901.17
   - free_gb: 1006.36
   - usage_percent: 47.24

==================================================
健康检查报告 - 2026-04-24 08:03:15
==================================================

🔶 BACKEND: unhealthy
   - status_code: 502
   - response_time_ms: 3388.0620000000004

✅ MONGODB: healthy

✅ DISK: healthy
   - total_gb: 1907.53
   - used_gb: 901.17
   - free_gb: 1006.36
   - usage_percent: 47.24

==================================================
健康检查报告 - 2026-04-24 08:03:15
==================================================

🔶 BACKEND: unhealthy
   - status_code: 502
   - response_time_ms: 2830.619

✅ MONGODB: healthy

✅ DISK: healthy
   - total_gb: 1907.53
   - used_gb: 901.17
   - free_gb: 1006.36
   - usage_percent: 47.24

==================================================
健康检查报告 - 2026-04-24 08:03:15
==================================================

🔶 BACKEND: unhealthy
   - status_code: 502
   - response_time_ms: 3526.922

✅ MONGODB: healthy

✅ DISK: healthy
   - total_gb: 1907.53
   - used_gb: 901.17
   - free_gb: 1006.36
   - usage_percent: 47.24

==================================================
健康检查报告 - 2026-04-24 08:03:15
==================================================

🔶 BACKEND: unhealthy
   - status_code: 502
   - response_time_ms: 3724.585

✅ MONGODB: healthy

✅ DISK: healthy
   - total_gb: 1907.53
   - used_gb: 901.17
   - free_gb: 1006.36
   - usage_percent: 47.24

==================================================
健康检查报告 - 2026-04-24 08:03:15
==================================================

🔶 BACKEND: unhealthy
   - status_code: 502
   - response_time_ms: 3751.013

✅ MONGODB: healthy

✅ DISK: healthy
   - total_gb: 1907.53
   - used_gb: 901.17
   - free_gb: 1006.36
   - usage_percent: 47.24

==================================================
健康检查报告 - 2026-04-24 08:03:15
==================================================

🔶 BACKEND: unhealthy
   - status_code: 502
   - response_time_ms: 3187.81

✅ MONGODB: healthy

✅ DISK: healthy
   - total_gb: 1907.53
   - used_gb: 901.17
   - free_gb: 1006.36
   - usage_percent: 47.24

==================================================
健康检查报告 - 2026-04-24 08:03:15
==================================================

🔶 BACKEND: unhealthy
   - status_code: 502
   - response_time_ms: 3013.3179999999998

✅ MONGODB: healthy

✅ DISK: healthy
   - total_gb: 1907.53
   - used_gb: 901.17
   - free_gb: 1006.36
   - usage_percent: 47.24

==================================================
健康检查报告 - 2026-04-24 08:03:15
==================================================

🔶 BACKEND: unhealthy
   - status_code: 502
   - response_time_ms: 3153.459

✅ MONGODB: healthy

✅ DISK: healthy
   - total_gb: 1907.53
   - used_gb: 901.17
   - free_gb: 1006.36
   - usage_percent: 47.24

==================================================
健康检查报告 - 2026-04-24 08:03:15
==================================================

🔶 BACKEND: unhealthy
   - status_code: 502
   - response_time_ms: 4096.781

✅ MONGODB: healthy

✅ DISK: healthy
   - total_gb: 1907.53
   - used_gb: 901.17
   - free_gb: 1006.36
   - usage_percent: 47.24

==================================================
健康检查报告 - 2026-04-24 08:03:15
==================================================

🔶 BACKEND: unhealthy
   - status_code: 502
   - response_time_ms: 3055.462

✅ MONGODB: healthy

✅ DISK: healthy
   - total_gb: 1907.53
   - used_gb: 901.17
   - free_gb: 1006.36
   - usage_percent: 47.24

==================================================
健康检查报告 - 2026-04-24 08:03:15
==================================================

🔶 BACKEND: unhealthy
   - status_code: 502
   - response_time_ms: 3274.856

✅ MONGODB: healthy

✅ DISK: healthy
   - total_gb: 1907.53
   - used_gb: 901.17
   - free_gb: 1006.36
   - usage_percent: 47.24

==================================================
健康检查报告 - 2026-04-24 08:03:15
==================================================

🔶 BACKEND: unhealthy
   - status_code: 502
   - response_time_ms: 3228.8320000000003

✅ MONGODB: healthy

✅ DISK: healthy
   - total_gb: 1907.53
   - used_gb: 901.17
   - free_gb: 1006.36
   - usage_percent: 47.24

==================================================
健康检查报告 - 2026-04-24 08:03:16
==================================================

🔶 BACKEND: unhealthy
   - status_code: 502
   - response_time_ms: 3080.05

✅ MONGODB: healthy

✅ DISK: healthy
   - total_gb: 1907.53
   - used_gb: 901.17
   - free_gb: 1006.36
   - usage_percent: 47.24

==================================================
健康检查报告 - 2026-04-24 08:03:16
==================================================

🔶 BACKEND: unhealthy
   - status_code: 502
   - response_time_ms: 3374.235

✅ MONGODB: healthy

✅ DISK: healthy
   - total_gb: 1907.53
   - used_gb: 901.17
   - free_gb: 1006.36
   - usage_percent: 47.24

==================================================
健康检查报告 - 2026-04-24 08:03:16
==================================================

🔶 BACKEND: unhealthy
   - status_code: 502
   - response_time_ms: 3688.905

✅ MONGODB: healthy

✅ DISK: healthy
   - total_gb: 1907.53
   - used_gb: 901.17
   - free_gb: 1006.36
   - usage_percent: 47.24

==================================================
健康检查报告 - 2026-04-24 08:03:16
==================================================

🔶 BACKEND: unhealthy
   - status_code: 502
   - response_time_ms: 3334.887

✅ MONGODB: healthy

✅ DISK: healthy
   - total_gb: 1907.53
   - used_gb: 901.17
   - free_gb: 1006.36
   - usage_percent: 47.24

==================================================
健康检查报告 - 2026-04-24 08:03:16
==================================================

🔶 BACKEND: unhealthy
   - status_code: 502
   - response_time_ms: 3668.226

✅ MONGODB: healthy

✅ DISK: healthy
   - total_gb: 1907.53
   - used_gb: 901.17
   - free_gb: 1006.36
   - usage_percent: 47.24

==================================================
健康检查报告 - 2026-04-24 08:03:16
==================================================

🔶 BACKEND: unhealthy
   - status_code: 502
   - response_time_ms: 3479.855

✅ MONGODB: healthy

✅ DISK: healthy
   - total_gb: 1907.53
   - used_gb: 901.17
   - free_gb: 1006.36
   - usage_percent: 47.24

==================================================
健康检查报告 - 2026-04-24 08:03:16
==================================================

🔶 BACKEND: unhealthy
   - status_code: 502
   - response_time_ms: 3294.0330000000004

✅ MONGODB: healthy

✅ DISK: healthy
   - total_gb: 1907.53
   - used_gb: 901.17
   - free_gb: 1006.36
   - usage_percent: 47.24

==================================================
健康检查报告 - 2026-04-24 08:03:16
==================================================

🔶 BACKEND: unhealthy
   - status_code: 502
   - response_time_ms: 3505.652

✅ MONGODB: healthy

✅ DISK: healthy
   - total_gb: 1907.53
   - used_gb: 901.17
   - free_gb: 1006.36
   - usage_percent: 47.24

==================================================
健康检查报告 - 2026-04-24 08:03:16
==================================================

🔶 BACKEND: unhealthy
   - status_code: 502
   - response_time_ms: 3325.145

✅ MONGODB: healthy

✅ DISK: healthy
   - total_gb: 1907.53
   - used_gb: 901.17
   - free_gb: 1006.36
   - usage_percent: 47.24

==================================================
健康检查报告 - 2026-04-24 08:03:16
==================================================

🔶 BACKEND: unhealthy
   - status_code: 502
   - response_time_ms: 3369.4959999999996

✅ MONGODB: healthy

✅ DISK: healthy
   - total_gb: 1907.53
   - used_gb: 901.17
   - free_gb: 1006.36
   - usage_percent: 47.24

==================================================
健康检查报告 - 2026-04-24 08:03:16
==================================================

🔶 BACKEND: unhealthy
   - status_code: 502
   - response_time_ms: 3691.941

✅ MONGODB: healthy

✅ DISK: healthy
   - total_gb: 1907.53
   - used_gb: 901.17
   - free_gb: 1006.36
   - usage_percent: 47.24

==================================================
健康检查报告 - 2026-04-24 08:03:16
==================================================

🔶 BACKEND: unhealthy
   - status_code: 502
   - response_time_ms: 3925.377

✅ MONGODB: healthy

✅ DISK: healthy
   - total_gb: 1907.53
   - used_gb: 901.17
   - free_gb: 1006.36
   - usage_percent: 47.24

==================================================
健康检查报告 - 2026-04-24 08:03:16
==================================================

🔶 BACKEND: unhealthy
   - status_code: 502
   - response_time_ms: 3427.143

✅ MONGODB: healthy

✅ DISK: healthy
   - total_gb: 1907.53
   - used_gb: 901.17
   - free_gb: 1006.36
   - usage_percent: 47.24

==================================================
健康检查报告 - 2026-04-24 08:03:16
==================================================

🔶 BACKEND: unhealthy
   - status_code: 502
   - response_time_ms: 3672.2690000000002

✅ MONGODB: healthy

✅ DISK: healthy
   - total_gb: 1907.53
   - used_gb: 901.17
   - free_gb: 1006.36
   - usage_percent: 47.24

==================================================
健康检查报告 - 2026-04-24 08:03:16
==================================================

🔶 BACKEND: unhealthy
   - status_code: 502
   - response_time_ms: 3475.872

✅ MONGODB: healthy

✅ DISK: healthy
   - total_gb: 1907.53
   - used_gb: 901.17
   - free_gb: 1006.36
   - usage_percent: 47.24

==================================================
健康检查报告 - 2026-04-24 08:03:16
==================================================

🔶 BACKEND: unhealthy
   - status_code: 502
   - response_time_ms: 2505.712

✅ MONGODB: healthy

✅ DISK: healthy
   - total_gb: 1907.53
   - used_gb: 901.17
   - free_gb: 1006.36
   - usage_percent: 47.24

==================================================
健康检查报告 - 2026-04-24 08:03:16
==================================================

🔶 BACKEND: unhealthy
   - status_code: 502
   - response_time_ms: 3570.616

✅ MONGODB: healthy

✅ DISK: healthy
   - total_gb: 1907.53
   - used_gb: 901.17
   - free_gb: 1006.36
   - usage_percent: 47.24

==================================================
健康检查报告 - 2026-04-24 08:03:16
==================================================

🔶 BACKEND: unhealthy
   - status_code: 502
   - response_time_ms: 4036.473

✅ MONGODB: healthy

✅ DISK: healthy
   - total_gb: 1907.53
   - used_gb: 901.17
   - free_gb: 1006.36
   - usage_percent: 47.24

==================================================
健康检查报告 - 2026-04-24 08:03:16
==================================================

🔶 BACKEND: unhealthy
   - status_code: 502
   - response_time_ms: 3696.445

✅ MONGODB: healthy

✅ DISK: healthy
   - total_gb: 1907.53
   - used_gb: 901.17
   - free_gb: 1006.36
   - usage_percent: 47.24

==================================================
健康检查报告 - 2026-04-24 08:03:17
==================================================

🔶 BACKEND: unhealthy
   - status_code: 502
   - response_time_ms: 4074.669

✅ MONGODB: healthy

✅ DISK: healthy
   - total_gb: 1907.53
   - used_gb: 901.17
   - free_gb: 1006.36
   - usage_percent: 47.24

==================================================
健康检查报告 - 2026-04-24 08:03:17
==================================================

🔶 BACKEND: unhealthy
   - status_code: 502
   - response_time_ms: 3592.062

✅ MONGODB: healthy

✅ DISK: healthy
   - total_gb: 1907.53
   - used_gb: 901.17
   - free_gb: 1006.36
   - usage_percent: 47.24

==================================================
健康检查报告 - 2026-04-24 08:03:17
==================================================

🔶 BACKEND: unhealthy
   - status_code: 502
   - response_time_ms: 3828.176

✅ MONGODB: healthy

✅ DISK: healthy
   - total_gb: 1907.53
   - used_gb: 901.17
   - free_gb: 1006.36
   - usage_percent: 47.24

==================================================
健康检查报告 - 2026-04-24 08:03:17
==================================================

🔶 BACKEND: unhealthy
   - status_code: 502
   - response_time_ms: 3778.824

✅ MONGODB: healthy

✅ DISK: healthy
   - total_gb: 1907.53
   - used_gb: 901.17
   - free_gb: 1006.36
   - usage_percent: 47.24
