[2026-04-24 08:02:58] [INFO] ==================================================
[2026-04-24 08:02:58] [INFO] 开始数据库备份任务
[2026-04-24 08:02:58] [INFO] ==================================================
[2026-04-24 08:02:58] [INFO] 开始备份 MongoDB: jushi-agent
[2026-04-24 08:02:58] [INFO] 备份路径: backups/mongodb_20260424_080258
[2026-04-24 08:02:58] [ERROR] ❌ mongodump 未安装，请先安装 MongoDB 工具
[2026-04-24 08:02:58] [INFO] ==================================================
[2026-04-24 08:02:58] [INFO] 备份任务失败
[2026-04-24 08:02:58] [INFO] ==================================================
/Applications/Xcode.app/Contents/Developer/usr/bin/python3: can't open file 'backup_db.py': [Errno 1] Operation not permitted
/Applications/Xcode.app/Contents/Developer/usr/bin/python3: can't open file 'backup_db.py': [Errno 1] Operation not permitted
/Applications/Xcode.app/Contents/Developer/usr/bin/python3: can't open file 'backup_db.py': [Errno 1] Operation not permitted
/Applications/Xcode.app/Contents/Developer/usr/bin/python3: can't open file 'backup_db.py': [Errno 1] Operation not permitted
/Applications/Xcode.app/Contents/Developer/usr/bin/python3: can't open file 'backup_db.py': [Errno 1] Operation not permitted
/Applications/Xcode.app/Contents/Developer/usr/bin/python3: can't open file 'backup_db.py': [Errno 1] Operation not permitted
/Applications/Xcode.app/Contents/Developer/usr/bin/python3: can't open file 'backup_db.py': [Errno 1] Operation not permitted
/Applications/Xcode.app/Contents/Developer/usr/bin/python3: can't open file 'backup_db.py': [Errno 1] Operation not permitted
/Applications/Xcode.app/Contents/Developer/usr/bin/python3: can't open file 'backup_db.py': [Errno 1] Operation not permitted
/Applications/Xcode.app/Contents/Developer/usr/bin/python3: can't open file 'backup_db.py': [Errno 1] Operation not permitted
/Applications/Xcode.app/Contents/Developer/usr/bin/python3: can't open file 'backup_db.py': [Errno 1] Operation not permitted
/Applications/Xcode.app/Contents/Developer/usr/bin/python3: can't open file 'backup_db.py': [Errno 1] Operation not permitted
/Applications/Xcode.app/Contents/Developer/usr/bin/python3: can't open file 'backup_db.py': [Errno 1] Operation not permitted
/Applications/Xcode.app/Contents/Developer/usr/bin/python3: can't open file 'backup_db.py': [Errno 1] Operation not permitted
/Applications/Xcode.app/Contents/Developer/usr/bin/python3: can't open file 'backup_db.py': [Errno 1] Operation not permitted
/Applications/Xcode.app/Contents/Developer/usr/bin/python3: can't open file 'backup_db.py': [Errno 1] Operation not permitted
/Applications/Xcode.app/Contents/Developer/usr/bin/python3: can't open file 'backup_db.py': [Errno 1] Operation not permitted
/Applications/Xcode.app/Contents/Developer/usr/bin/python3: can't open file 'backup_db.py': [Errno 1] Operation not permitted
/Applications/Xcode.app/Contents/Developer/usr/bin/python3: can't open file 'backup_db.py': [Errno 1] Operation not permitted
/Applications/Xcode.app/Contents/Developer/usr/bin/python3: can't open file 'backup_db.py': [Errno 1] Operation not permitted
/Applications/Xcode.app/Contents/Developer/usr/bin/python3: can't open file 'backup_db.py': [Errno 1] Operation not permitted
