[2026-04-23 23:56:16] [INFO] ==================================================
[2026-04-23 23:56:16] [INFO] 开始清理临时文件
[2026-04-23 23:56:16] [INFO] ==================================================
[2026-04-23 23:56:16] [INFO] 
📁 处理: Python 缓存
[2026-04-23 23:56:16] [INFO] 
📁 处理: Node 缓存
[2026-04-23 23:56:16] [INFO] 
📁 处理: 临时输出文件
[2026-04-23 23:56:16] [INFO] 
📁 处理: YouTube 临时文件
[2026-04-23 23:56:16] [INFO] 
📁 处理: 旧日志文件
[2026-04-23 23:56:16] [INFO] 
📁 处理: 备份文件
[2026-04-23 23:56:16] [INFO] 
==================================================
[2026-04-23 23:56:16] [INFO] 清理完成
[2026-04-23 23:56:16] [INFO]   - 删除文件: 0
[2026-04-23 23:56:16] [INFO]   - 压缩文件: 0
[2026-04-23 23:56:16] [INFO]   - 释放空间: 0.00 MB
[2026-04-23 23:56:16] [INFO] ==================================================
[2026-04-24 08:13:19] [INFO] ==================================================
[2026-04-24 08:13:19] [INFO] 开始清理临时文件
[2026-04-24 08:13:19] [INFO] ==================================================
[2026-04-24 08:13:19] [INFO] 
📁 处理: Python 缓存
[2026-04-24 08:13:19] [INFO] 
📁 处理: Node 缓存
[2026-04-24 08:13:19] [INFO] 
📁 处理: 临时输出文件
[2026-04-24 08:13:19] [INFO] 
📁 处理: YouTube 临时文件
[2026-04-24 08:13:19] [INFO] 
📁 处理: 旧日志文件
[2026-04-24 08:13:19] [INFO] 
📁 处理: 备份文件
[2026-04-24 08:13:19] [INFO] 
==================================================
[2026-04-24 08:13:19] [INFO] 清理完成
[2026-04-24 08:13:19] [INFO]   - 删除文件: 0
[2026-04-24 08:13:19] [INFO]   - 压缩文件: 0
[2026-04-24 08:13:19] [INFO]   - 释放空间: 0.00 MB
[2026-04-24 08:13:19] [INFO] ==================================================
